// Jest Snapshot v1, https://goo.gl/fbAQLP

exports[`Body renders correctly 1`] = `
ShallowWrapper {
  "length": 1,
  Symbol(enzyme.__root__): [Circular],
  Symbol(enzyme.__unrendered__): <Body
    mainStyle={
      Object {
        "backgroundColor": "rgba(255, 255, 255)",
        "width": "100%",
      }
    }
  />,
  Symbol(enzyme.__renderer__): Object {
    "batchedUpdates": [Function],
    "getNode": [Function],
    "render": [Function],
    "simulateEvent": [Function],
    "unmount": [Function],
  },
  Symbol(enzyme.__node__): Object {
    "instance": null,
    "key": undefined,
    "nodeType": "host",
    "props": Object {
      "children": Array [
        <div
          className="bg"
        >
          <div
            className="container"
          >
            <div
              className="banner"
            >
              <h1>
                Get paid for giving a shit.
              </h1>
            </div>
          </div>
        </div>,
        <div
          className="text-container"
        >
          <div
            className="container"
          >
            <h1>
              Get paid for giving a shit.
            </h1>
            <p
              className="text"
            >
              Aute Lorem commodo ipsum dolore laborum enim laborum commodo et ea. Aliquip elit velit aliquip in ex laboris consectetur sit proident esse cillum. Minim duis ad Lorem excepteur consectetur commodo fugiat. Enim consectetur duis ut culpa voluptate labore anim eu dolor deserunt non veniam est. Aute fugiat ea nisi eiusmod anim ex est et exercitation dolore sint in. Labore magna ullamco do dolor sint consectetur. Cillum qui ex do dolor irure magna sint ea dolor nulla ad proident aliqua nostrud.
            </p>
          </div>
        </div>,
      ],
      "className": "main",
      "id": "main",
    },
    "ref": null,
    "rendered": Array [
      Object {
        "instance": null,
        "key": undefined,
        "nodeType": "host",
        "props": Object {
          "children": <div
            className="container"
          >
            <div
              className="banner"
            >
              <h1>
                Get paid for giving a shit.
              </h1>
            </div>
          </div>,
          "className": "bg",
        },
        "ref": null,
        "rendered": Object {
          "instance": null,
          "key": undefined,
          "nodeType": "host",
          "props": Object {
            "children": <div
              className="banner"
            >
              <h1>
                Get paid for giving a shit.
              </h1>
            </div>,
            "className": "container",
          },
          "ref": null,
          "rendered": Object {
            "instance": null,
            "key": undefined,
            "nodeType": "host",
            "props": Object {
              "children": <h1>
                Get paid for giving a shit.
              </h1>,
              "className": "banner",
            },
            "ref": null,
            "rendered": Object {
              "instance": null,
              "key": undefined,
              "nodeType": "host",
              "props": Object {
                "children": "Get paid for giving a shit.",
              },
              "ref": null,
              "rendered": "Get paid for giving a shit.",
              "type": "h1",
            },
            "type": "div",
          },
          "type": "div",
        },
        "type": "div",
      },
      Object {
        "instance": null,
        "key": undefined,
        "nodeType": "host",
        "props": Object {
          "children": <div
            className="container"
          >
            <h1>
              Get paid for giving a shit.
            </h1>
            <p
              className="text"
            >
              Aute Lorem commodo ipsum dolore laborum enim laborum commodo et ea. Aliquip elit velit aliquip in ex laboris consectetur sit proident esse cillum. Minim duis ad Lorem excepteur consectetur commodo fugiat. Enim consectetur duis ut culpa voluptate labore anim eu dolor deserunt non veniam est. Aute fugiat ea nisi eiusmod anim ex est et exercitation dolore sint in. Labore magna ullamco do dolor sint consectetur. Cillum qui ex do dolor irure magna sint ea dolor nulla ad proident aliqua nostrud.
            </p>
          </div>,
          "className": "text-container",
        },
        "ref": null,
        "rendered": Object {
          "instance": null,
          "key": undefined,
          "nodeType": "host",
          "props": Object {
            "children": Array [
              <h1>
                Get paid for giving a shit.
              </h1>,
              <p
                className="text"
              >
                Aute Lorem commodo ipsum dolore laborum enim laborum commodo et ea. Aliquip elit velit aliquip in ex laboris consectetur sit proident esse cillum. Minim duis ad Lorem excepteur consectetur commodo fugiat. Enim consectetur duis ut culpa voluptate labore anim eu dolor deserunt non veniam est. Aute fugiat ea nisi eiusmod anim ex est et exercitation dolore sint in. Labore magna ullamco do dolor sint consectetur. Cillum qui ex do dolor irure magna sint ea dolor nulla ad proident aliqua nostrud.
              </p>,
            ],
            "className": "container",
          },
          "ref": null,
          "rendered": Array [
            Object {
              "instance": null,
              "key": undefined,
              "nodeType": "host",
              "props": Object {
                "children": "Get paid for giving a shit.",
              },
              "ref": null,
              "rendered": "Get paid for giving a shit.",
              "type": "h1",
            },
            Object {
              "instance": null,
              "key": undefined,
              "nodeType": "host",
              "props": Object {
                "children": "Aute Lorem commodo ipsum dolore laborum enim laborum commodo et ea. Aliquip elit velit aliquip in ex laboris consectetur sit proident esse cillum. Minim duis ad Lorem excepteur consectetur commodo fugiat. Enim consectetur duis ut culpa voluptate labore anim eu dolor deserunt non veniam est. Aute fugiat ea nisi eiusmod anim ex est et exercitation dolore sint in. Labore magna ullamco do dolor sint consectetur. Cillum qui ex do dolor irure magna sint ea dolor nulla ad proident aliqua nostrud.",
                "className": "text",
              },
              "ref": null,
              "rendered": "Aute Lorem commodo ipsum dolore laborum enim laborum commodo et ea. Aliquip elit velit aliquip in ex laboris consectetur sit proident esse cillum. Minim duis ad Lorem excepteur consectetur commodo fugiat. Enim consectetur duis ut culpa voluptate labore anim eu dolor deserunt non veniam est. Aute fugiat ea nisi eiusmod anim ex est et exercitation dolore sint in. Labore magna ullamco do dolor sint consectetur. Cillum qui ex do dolor irure magna sint ea dolor nulla ad proident aliqua nostrud.",
              "type": "p",
            },
          ],
          "type": "div",
        },
        "type": "div",
      },
    ],
    "type": "section",
  },
  Symbol(enzyme.__nodes__): Array [
    Object {
      "instance": null,
      "key": undefined,
      "nodeType": "host",
      "props": Object {
        "children": Array [
          <div
            className="bg"
          >
            <div
              className="container"
            >
              <div
                className="banner"
              >
                <h1>
                  Get paid for giving a shit.
                </h1>
              </div>
            </div>
          </div>,
          <div
            className="text-container"
          >
            <div
              className="container"
            >
              <h1>
                Get paid for giving a shit.
              </h1>
              <p
                className="text"
              >
                Aute Lorem commodo ipsum dolore laborum enim laborum commodo et ea. Aliquip elit velit aliquip in ex laboris consectetur sit proident esse cillum. Minim duis ad Lorem excepteur consectetur commodo fugiat. Enim consectetur duis ut culpa voluptate labore anim eu dolor deserunt non veniam est. Aute fugiat ea nisi eiusmod anim ex est et exercitation dolore sint in. Labore magna ullamco do dolor sint consectetur. Cillum qui ex do dolor irure magna sint ea dolor nulla ad proident aliqua nostrud.
              </p>
            </div>
          </div>,
        ],
        "className": "main",
        "id": "main",
      },
      "ref": null,
      "rendered": Array [
        Object {
          "instance": null,
          "key": undefined,
          "nodeType": "host",
          "props": Object {
            "children": <div
              className="container"
            >
              <div
                className="banner"
              >
                <h1>
                  Get paid for giving a shit.
                </h1>
              </div>
            </div>,
            "className": "bg",
          },
          "ref": null,
          "rendered": Object {
            "instance": null,
            "key": undefined,
            "nodeType": "host",
            "props": Object {
              "children": <div
                className="banner"
              >
                <h1>
                  Get paid for giving a shit.
                </h1>
              </div>,
              "className": "container",
            },
            "ref": null,
            "rendered": Object {
              "instance": null,
              "key": undefined,
              "nodeType": "host",
              "props": Object {
                "children": <h1>
                  Get paid for giving a shit.
                </h1>,
                "className": "banner",
              },
              "ref": null,
              "rendered": Object {
                "instance": null,
                "key": undefined,
                "nodeType": "host",
                "props": Object {
                  "children": "Get paid for giving a shit.",
                },
                "ref": null,
                "rendered": "Get paid for giving a shit.",
                "type": "h1",
              },
              "type": "div",
            },
            "type": "div",
          },
          "type": "div",
        },
        Object {
          "instance": null,
          "key": undefined,
          "nodeType": "host",
          "props": Object {
            "children": <div
              className="container"
            >
              <h1>
                Get paid for giving a shit.
              </h1>
              <p
                className="text"
              >
                Aute Lorem commodo ipsum dolore laborum enim laborum commodo et ea. Aliquip elit velit aliquip in ex laboris consectetur sit proident esse cillum. Minim duis ad Lorem excepteur consectetur commodo fugiat. Enim consectetur duis ut culpa voluptate labore anim eu dolor deserunt non veniam est. Aute fugiat ea nisi eiusmod anim ex est et exercitation dolore sint in. Labore magna ullamco do dolor sint consectetur. Cillum qui ex do dolor irure magna sint ea dolor nulla ad proident aliqua nostrud.
              </p>
            </div>,
            "className": "text-container",
          },
          "ref": null,
          "rendered": Object {
            "instance": null,
            "key": undefined,
            "nodeType": "host",
            "props": Object {
              "children": Array [
                <h1>
                  Get paid for giving a shit.
                </h1>,
                <p
                  className="text"
                >
                  Aute Lorem commodo ipsum dolore laborum enim laborum commodo et ea. Aliquip elit velit aliquip in ex laboris consectetur sit proident esse cillum. Minim duis ad Lorem excepteur consectetur commodo fugiat. Enim consectetur duis ut culpa voluptate labore anim eu dolor deserunt non veniam est. Aute fugiat ea nisi eiusmod anim ex est et exercitation dolore sint in. Labore magna ullamco do dolor sint consectetur. Cillum qui ex do dolor irure magna sint ea dolor nulla ad proident aliqua nostrud.
                </p>,
              ],
              "className": "container",
            },
            "ref": null,
            "rendered": Array [
              Object {
                "instance": null,
                "key": undefined,
                "nodeType": "host",
                "props": Object {
                  "children": "Get paid for giving a shit.",
                },
                "ref": null,
                "rendered": "Get paid for giving a shit.",
                "type": "h1",
              },
              Object {
                "instance": null,
                "key": undefined,
                "nodeType": "host",
                "props": Object {
                  "children": "Aute Lorem commodo ipsum dolore laborum enim laborum commodo et ea. Aliquip elit velit aliquip in ex laboris consectetur sit proident esse cillum. Minim duis ad Lorem excepteur consectetur commodo fugiat. Enim consectetur duis ut culpa voluptate labore anim eu dolor deserunt non veniam est. Aute fugiat ea nisi eiusmod anim ex est et exercitation dolore sint in. Labore magna ullamco do dolor sint consectetur. Cillum qui ex do dolor irure magna sint ea dolor nulla ad proident aliqua nostrud.",
                  "className": "text",
                },
                "ref": null,
                "rendered": "Aute Lorem commodo ipsum dolore laborum enim laborum commodo et ea. Aliquip elit velit aliquip in ex laboris consectetur sit proident esse cillum. Minim duis ad Lorem excepteur consectetur commodo fugiat. Enim consectetur duis ut culpa voluptate labore anim eu dolor deserunt non veniam est. Aute fugiat ea nisi eiusmod anim ex est et exercitation dolore sint in. Labore magna ullamco do dolor sint consectetur. Cillum qui ex do dolor irure magna sint ea dolor nulla ad proident aliqua nostrud.",
                "type": "p",
              },
            ],
            "type": "div",
          },
          "type": "div",
        },
      ],
      "type": "section",
    },
  ],
  Symbol(enzyme.__options__): Object {
    "adapter": ReactSixteenAdapter {
      "options": Object {
        "enableComponentDidUpdateOnSetState": true,
      },
    },
  },
}
`;
